
> next-amp-fifteen@0.1.0 build
> next build

node.exe :  ΓÜá Built-in amp support is deprecated and the `experimental.amp` configuration option will be removed in Next.js 16.
At line:1 char:1
+ & "C:\Program Files\nodejs/node.exe" "C:\Program Files\nodejs/node_mo ...
+ ~~~~~~~~~~~~~~~~~~~~~~~~~~~~~~~~~~~~~~~~~~~~~~~~~~~~~~~~~~~~~~~~~~~~~
    + CategoryInfo          : NotSpecified: ( ΓÜá Built-in a... in Next.js 16.:String) [], RemoteException
    + FullyQualifiedErrorId : NativeCommandError
 
   Γû▓ Next.js 15.5.9
   - Environments: .env
   - Experiments (use with caution):
     ┬╖ amp

   Creating an optimized production build ...
 Γ£ô Compiled successfully in 3.1s
   Linting and checking validity of types ...
   Collecting page data ...
[ArticleService] Fetching categories from: https://fe.polaris.laguna:60004/rest/apis/28ryiv2qu5l9jBE6/article/categories/list
[ArticleService] Categories request options: {
  "parentId": 0
}
[ApiClient] POST /article/categories/list {
  url: 'https://fe.polaris.laguna:60004/rest/apis/28ryiv2qu5l9jBE6/article/categories/list',
  method: 'POST',
  body: 'parentId=0',
  headers: {
    'Content-Type': 'application/x-www-form-urlencoded',
    'Accept-Language': 'en'
  },
  fullConfig: '{\n' +
    '  "method": "POST",\n' +
    '  "headers": {\n' +
    '    "Content-Type": "application/x-www-form-urlencoded"\n' +
    '  },\n' +
    '  "body": "parentId=0"\n' +
    '}'
}
API Error: POST /article/categories/list TypeError: fetch failed
    at async i.request (D:\ProjectLucee\next-amp-fifteen\.next\server\pages\articles\[canonical].js:1:8024)
    at async k.getCategories (D:\ProjectLucee\next-amp-fifteen\.next\server\pages\articles\[canonical].js:1:10427)
    at async p (D:\ProjectLucee\next-amp-fifteen\.next\server\pages\articles\[canonical].js:1:2647) {
  [cause]: [Error: 6C230000:error:0A0000C6:SSL routines:tls_get_more_records:packet length too long:openssl\ssl\record\methods\tls_common.c:663:
  ] {
    library: 'SSL routines',
    reason: 'packet length too long',
    code: 'ERR_SSL_PACKET_LENGTH_TOO_LONG'
  }
}
[ArticleService] Categories response: error
   Generating static pages (0/7) ...
========================================
HOME PAGE - getStaticProps started
========================================

[STEP 1] Fetching categories...
[ArticleService] Fetching categories from: https://fe.polaris.laguna:60004/rest/apis/28ryiv2qu5l9jBE6/article/categories/list
[ArticleService] Categories request options: {
  "parentId": 0
}
[ApiClient] POST /article/categories/list {
  url: 'https://fe.polaris.laguna:60004/rest/apis/28ryiv2qu5l9jBE6/article/categories/list',
  method: 'POST',
  body: 'parentId=0',
  headers: {
    'Content-Type': 'application/x-www-form-urlencoded',
    'Accept-Language': 'en'
  },
  fullConfig: '{\n' +
    '  "method": "POST",\n' +
    '  "headers": {\n' +
    '    "Content-Type": "application/x-www-form-urlencoded"\n' +
    '  },\n' +
    '  "body": "parentId=0"\n' +
    '}'
}

≡ƒôé [API-DEBUG] Fetching categories...
[ArticleService] Fetching categories from: https://fe.polaris.laguna:60004/rest/apis/28ryiv2qu5l9jBE6/article/categories/list
[ArticleService] Categories request options: {}
[ApiClient] POST /article/categories/list {
  url: 'https://fe.polaris.laguna:60004/rest/apis/28ryiv2qu5l9jBE6/article/categories/list',
  method: 'POST',
  body: '',
  headers: {
    'Content-Type': 'application/x-www-form-urlencoded',
    'Accept-Language': 'en'
  },
  fullConfig: '{\n' +
    '  "method": "POST",\n' +
    '  "headers": {\n' +
    '    "Content-Type": "application/x-www-form-urlencoded"\n' +
    '  },\n' +
    '  "body": ""\n' +
    '}'
}
API Error: POST /article/categories/list TypeError: fetch failed
    at async i.request (D:\ProjectLucee\next-amp-fifteen\.next\server\pages\index.js:1:9839)
    at async k.getCategories (D:\ProjectLucee\next-amp-fifteen\.next\server\pages\index.js:1:12242)
    at async q (D:\ProjectLucee\next-amp-fifteen\.next\server\pages\index.js:1:3328) {
  [cause]: [Error: 600D0000:error:0A0000C6:SSL routines:tls_get_more_records:packet length too long:openssl\ssl\record\methods\tls_common.c:663:
  ] {
    library: 'SSL routines',
    reason: 'packet length too long',
    code: 'ERR_SSL_PACKET_LENGTH_TOO_LONG'
  }
}
[STEP 1] ΓÜá∩╕Å No categories from API, using fallback
API Error: POST /article/categories/list TypeError: fetch failed
    at async i.request (D:\ProjectLucee\next-amp-fifteen\.next\server\pages\index.js:1:9839)
    at async k.getCategories (D:\ProjectLucee\next-amp-fifteen\.next\server\pages\index.js:1:12242)
    at async o (D:\ProjectLucee\next-amp-fifteen\.next\server\pages\api-debug.js:1:6433) {
  [cause]: [Error: 600D0000:error:0A0000C6:SSL routines:tls_get_more_records:packet length too long:openssl\ssl\record\methods\tls_common.c:663:
  ] {
    library: 'SSL routines',
    reason: 'packet length too long',
    code: 'ERR_SSL_PACKET_LENGTH_TOO_LONG'
  }
}
API Error: GET /article/categories/technology?page=1&limit=10&language=en TypeError: fetch failed
    at async i.request (D:\ProjectLucee\next-amp-fifteen\.next\server\pages\index.js:1:9839)
    at async k.getArticlesByCategory (D:\ProjectLucee\next-amp-fifteen\.next\server\pages\index.js:1:12711)
    at async q (D:\ProjectLucee\next-amp-fifteen\.next\server\pages\index.js:1:4163) {
  [cause]: [Error: 600D0000:error:0A0000C6:SSL routines:tls_get_more_records:packet length too long:openssl\ssl\record\methods\tls_common.c:663:
  ] {
    library: 'SSL routines',
    reason: 'packet length too long',
    code: 'ERR_SSL_PACKET_LENGTH_TOO_LONG'
  }
}
[STEP 2] ΓÜá∩╕Å No articles for "Technology", using fallback
API Error: GET /article/categories/performance?page=1&limit=10&language=en TypeError: fetch failed
    at async i.request (D:\ProjectLucee\next-amp-fifteen\.next\server\pages\index.js:1:9839)
    at async k.getArticlesByCategory (D:\ProjectLucee\next-amp-fifteen\.next\server\pages\index.js:1:12711)
    at async q (D:\ProjectLucee\next-amp-fifteen\.next\server\pages\index.js:1:4163) {
  [cause]: [Error: 600D0000:error:0A0000C6:SSL routines:tls_get_more_records:packet length too long:openssl\ssl\record\methods\tls_common.c:663:
  ] {
    library: 'SSL routines',
    reason: 'packet length too long',
    code: 'ERR_SSL_PACKET_LENGTH_TOO_LONG'
  }
}
[STEP 2] ΓÜá∩╕Å No articles for "Performance", using fallback
[ArticleService] Categories response: error
[STEP 1] Categories Response Status: error
[STEP 1] Categories Response Data: {
  "status": "error",
  "code": 500,
  "error": "fetch failed"
}

[STEP 2] Fetching articles by category...
[STEP 2] Fetching articles for category: "Technology" (key: "technology")
[ArticleService] Fetching articles by category from: https://fe.polaris.laguna:60004/rest/apis/28ryiv2qu5l9jBE6/article/categories/technology?page=1&limit=10&language=en
[ApiClient] GET /article/categories/technology?page=1&limit=10&language=en {
  url: 'https://fe.polaris.laguna:60004/rest/apis/28ryiv2qu5l9jBE6/article/categories/technology?page=1&limit=10&language=en',
  method: 'GET',
  body: undefined,
  headers: { 'Content-Type': 'application/json', 'Accept-Language': 'en' },
  fullConfig: '{\n' +
    '  "method": "GET",\n' +
    '  "headers": {\n' +
    '    "Content-Type": "application/json",\n' +
    '    "Accept-Language": "en"\n' +
    '  }\n' +
    '}'
}
[ArticleService] Categories response: error
Γ£à [API-DEBUG] Categories response: { status: 'error', code: 500, error: 'fetch failed' }
[STEP 2] Response for "Technology": {
  "status": "error",
  "code": 500,
  "error": "fetch failed"
}
[STEP 2] Fetching articles for category: "Performance" (key: "performance")
[ArticleService] Fetching articles by category from: https://fe.polaris.laguna:60004/rest/apis/28ryiv2qu5l9jBE6/article/categories/performance?page=1&limit=10&language=en
[ApiClient] GET /article/categories/performance?page=1&limit=10&language=en {
  url: 'https://fe.polaris.laguna:60004/rest/apis/28ryiv2qu5l9jBE6/article/categories/performance?page=1&limit=10&language=en',
  method: 'GET',
  body: undefined,
  headers: { 'Content-Type': 'application/json', 'Accept-Language': 'en' },
  fullConfig: '{\n' +
    '  "method": "GET",\n' +
    '  "headers": {\n' +
    '    "Content-Type": "application/json",\n' +
    '    "Accept-Language": "en"\n' +
    '  }\n' +
    '}'
}
[STEP 2] Response for "Performance": {
  "status": "error",
  "code": 500,
  "error": "fetch failed"
}
[STEP 2] Fetching articles for category: "Design" (key: "design")
[ArticleService] Fetching articles by category from: https://fe.polaris.laguna:60004/rest/apis/28ryiv2qu5l9jBE6/article/categories/design?page=1&limit=10&language=en
[ApiClient] GET /article/categories/design?page=1&limit=10&language=en {
  url: 'https://fe.polaris.laguna:60004/rest/apis/28ryiv2qu5l9jBE6/article/categories/design?page=1&limit=10&language=en',
  method: 'GET',
  body: undefined,
  headers: { 'Content-Type': 'application/json', 'Accept-Language': 'en' },
  fullConfig: '{\n' +
    '  "method": "GET",\n' +
    '  "headers": {\n' +
    '    "Content-Type": "application/json",\n' +
    '    "Accept-Language": "en"\n' +
    '  }\n' +
    '}'
}
   Generating static pages (1/7) 
API Error: GET /article/categories/design?page=1&limit=10&language=en TypeError: fetch failed
    at async i.request (D:\ProjectLucee\next-amp-fifteen\.next\server\pages\index.js:1:9839)
    at async k.getArticlesByCategory (D:\ProjectLucee\next-amp-fifteen\.next\server\pages\index.js:1:12711)
    at async q (D:\ProjectLucee\next-amp-fifteen\.next\server\pages\index.js:1:4163) {
  [cause]: [Error: 600D0000:error:0A0000C6:SSL routines:tls_get_more_records:packet length too long:openssl\ssl\record\methods\tls_common.c:663:
  ] {
    library: 'SSL routines',
    reason: 'packet length too long',
    code: 'ERR_SSL_PACKET_LENGTH_TOO_LONG'
  }
}
[STEP 2] ΓÜá∩╕Å No articles for "Design", using fallback
[STEP 2] Response for "Design": {
  "status": "error",
  "code": 500,
  "error": "fetch failed"
}

[FINAL] Article count per category:
       Technology: 2 articles
       Performance: 1 articles
       Design: 0 articles

========================================
HOME PAGE - getStaticProps completed
========================================

   Generating static pages (3/7) 
   Generating static pages (5/7) 
 Γ£ô Generating static pages (7/7)
   Finalizing page optimization ...
   Collecting build traces ...

Route (pages)                                    Size  First Load JS  Revalidate  Expire
Γöî ΓùÅ / (1487 ms)                                   AMP            AMP         10s      1y
Γö£   /_app                                         0 B        96.7 kB
Γö£ Γùï /404                                      2.29 kB          99 kB
Γö£ Γùï /about (1456 ms)                              AMP            AMP
Γö£ ΓùÅ /api-debug (654 ms)                       2.26 kB        98.9 kB          1m      1y
Γö£ ╞Æ /api/mockArticles                             0 B        96.7 kB
Γö£ ΓùÅ /articles/[canonical]                         AMP            AMP
Γö£ ΓùÅ /articles/example-with-comments (577 ms)    281 B          97 kB
Γöö Γùï /hybrid (1475 ms)                           708 B        97.4 kB
+ First Load JS shared by all                 97.5 kB
  Γö£ chunks/framework-d7de93249215fb06.js      59.7 kB
  Γö£ chunks/main-e31fbb0e72cdc6aa.js           34.9 kB
  Γöö other shared chunks (total)                2.9 kB

Γùï  (Static)   prerendered as static content
ΓùÅ  (SSG)      prerendered as static HTML (uses getStaticProps)
╞Æ  (Dynamic)  server-rendered on demand

